// Jest Snapshot v1, https://goo.gl/fbAQLP

exports[`matches the snapshot 1`] = `
<div
  style={
    Object {
      "backgroundImage": "url(undefined)",
      "backgroundSize": "undefined%",
      "minWidth": "undefinedpx",
    }
  }
/>
`;
